 1: 1 import "import"
 1: 8 IDENT "core"
 1:12 . "."
 1:13 IDENT "result"
 1:19 . "."
 1:20 IDENT "Result"
 1:26 ; ";"
 2: 1 import "import"
 2: 8 IDENT "full"
 2:12 . "."
 2:13 chan "chan"
 2:17 . "."
 2:18 IDENT "Chan"
 2:22 ; ";"
 4: 1 @ "@"
 4: 2 IDENT "value"
 4: 8 struct "struct"
 4:15 IDENT "WorkItem"
 4:24 { "{"
 5: 2 IDENT "id"
 5: 4 : ":"
 5: 6 IDENT "U64"
 5: 9 , ","
 6: 2 IDENT "payload"
 6: 9 : ":"
 6:11 IDENT "String"
 6:17 , ","
 7: 1 } "}"
 9: 1 pub "pub"
 9: 5 fn "fn"
 9: 8 IDENT "process"
 9:15 ( "("
 9:16 IDENT "queue"
 9:21 : ":"
 9:23 mutref "mutref"
 9:30 IDENT "Chan"
 9:34 [ "["
 9:35 IDENT "WorkItem"
 9:43 ] "]"
 9:44 ) ")"
 9:46 -> "->"
 9:49 IDENT "Result"
 9:55 [ "["
 9:56 ( "("
 9:57 ) ")"
 9:58 , ","
 9:60 IDENT "String"
 9:66 ] "]"
 9:68 { "{"
10: 2 let "let"
10: 6 IDENT "item"
10:11 = "="
10:13 IDENT "queue"
10:18 . "."
10:19 IDENT "recv"
10:23 ( "("
10:24 ) ")"
10:25 ? "?"
10:26 ; ";"
11: 2 let "let"
11: 6 IDENT "upper"
11:12 = "="
11:14 IDENT "item"
11:18 . "."
11:19 IDENT "payload"
11:26 . "."
11:27 IDENT "toUpper"
11:34 ( "("
11:35 ) ")"
11:36 ; ";"
12: 2 spawn "spawn"
12: 8 fn "fn"
12:10 ( "("
12:11 ) ")"
12:13 { "{"
13: 3 IDENT "log"
13: 6 ( "("
13: 7 IDENT "upper"
13:12 ) ")"
13:13 ; ";"
14: 2 } "}"
14: 3 ; ";"
15: 2 return "return"
15: 9 IDENT "Ok"
15:11 ( "("
15:12 ( "("
15:13 ) ")"
15:14 ) ")"
15:15 ; ";"
16: 1 } "}"
17: 1 EOF ""
